layout narrow {"overflow":false,"bad":[],"overlaps":[]}
sticky narrow {"mastBottom":116.5,"indexTop":118}
layout phone {"overflow":false,"bad":[],"overlaps":[]}
sticky phone {"mastBottom":116.5,"indexTop":118}
layout compact-boundary {"overflow":false,"bad":[],"overlaps":[]}
sticky compact-boundary {"mastBottom":116.5,"indexTop":118}
layout overlap-regression {"overflow":false,"bad":[],"overlaps":[]}
sticky overlap-regression {"mastBottom":112,"indexTop":113}
layout small-tablet {"overflow":false,"bad":[],"overlaps":[]}
sticky small-tablet {"mastBottom":112,"indexTop":113}
layout chrome-report {"overflow":false,"bad":[],"overlaps":[]}
sticky chrome-report {"mastBottom":112,"indexTop":113}
layout mid-tablet {"overflow":false,"bad":[],"overlaps":[]}
sticky mid-tablet {"mastBottom":112,"indexTop":113}
layout tablet {"overflow":false,"bad":[],"overlaps":[]}
sticky tablet {"mastBottom":112,"indexTop":113}
layout tablet-boundary {"overflow":false,"bad":[],"overlaps":[]}
sticky tablet-boundary {"mastBottom":112,"indexTop":113}
layout full-label-boundary {"overflow":false,"bad":[],"overlaps":[]}
sticky full-label-boundary {"mastBottom":112,"indexTop":113}
layout status-regression {"overflow":false,"bad":[],"overlaps":[]}
sticky status-regression {"mastBottom":112,"indexTop":113}
layout large-tablet {"overflow":false,"bad":[],"overlaps":[]}
sticky large-tablet {"mastBottom":112,"indexTop":113}
layout nav-boundary {"overflow":false,"bad":[],"overlaps":[]}
sticky nav-boundary {"mastBottom":112,"indexTop":113}
layout laptop {"overflow":false,"bad":[],"overlaps":[]}
sticky laptop {"mastBottom":72,"indexTop":73}
layout wide {"overflow":false,"bad":[],"overlaps":[]}
sticky wide {"mastBottom":72,"indexTop":73}
Browser + C panel: rendering, honesty, polling, layout and all six commands passed.
